
   INFO  Processing jobs from the [default] queue.  

  2022-11-14 22:57:18 App\Jobs\CreateTenantPublic ............ 4,567.38ms DONE

In TelescopeServiceProvider.php line 10:
                                                                           
  Class "Laravel\Telescope\TelescopeApplicationServiceProvider" not found  
                                                                           


In TelescopeServiceProvider.php line 10:
                                                                           
  Class "Laravel\Telescope\TelescopeApplicationServiceProvider" not found  
                                                                           


In TelescopeServiceProvider.php line 10:
                                                                           
  Class "Laravel\Telescope\TelescopeApplicationServiceProvider" not found  
                                                                           


In TelescopeServiceProvider.php line 10:
                                                                           
  Class "Laravel\Telescope\TelescopeApplicationServiceProvider" not found  
                                                                           


In TelescopeServiceProvider.php line 10:
                                                                           
  Class "Laravel\Telescope\TelescopeApplicationServiceProvider" not found  
                                                                           


In TelescopeServiceProvider.php line 10:
                                                                           
  Class "Laravel\Telescope\TelescopeApplicationServiceProvider" not found  
                                                                           


In TelescopeServiceProvider.php line 10:
                                                                           
  Class "Laravel\Telescope\TelescopeApplicationServiceProvider" not found  
                                                                           


In TelescopeServiceProvider.php line 10:
                                                                           
  Class "Laravel\Telescope\TelescopeApplicationServiceProvider" not found  
                                                                           


In TelescopeServiceProvider.php line 10:
                                                                           
  Class "Laravel\Telescope\TelescopeApplicationServiceProvider" not found  
                                                                           


In TelescopeServiceProvider.php line 10:
                                                                           
  Class "Laravel\Telescope\TelescopeApplicationServiceProvider" not found  
                                                                           


In TelescopeServiceProvider.php line 10:
                                                                           
  Class "Laravel\Telescope\TelescopeApplicationServiceProvider" not found  
                                                                           


In TelescopeServiceProvider.php line 10:
                                                                           
  Class "Laravel\Telescope\TelescopeApplicationServiceProvider" not found  
                                                                           


In TelescopeServiceProvider.php line 10:
                                                                           
  Class "Laravel\Telescope\TelescopeApplicationServiceProvider" not found  
                                                                           


In TelescopeServiceProvider.php line 10:
                                                                           
  Class "Laravel\Telescope\TelescopeApplicationServiceProvider" not found  
                                                                           


In TelescopeServiceProvider.php line 10:
                                                                           
  Class "Laravel\Telescope\TelescopeApplicationServiceProvider" not found  
                                                                           


In TelescopeServiceProvider.php line 10:
                                                                           
  Class "Laravel\Telescope\TelescopeApplicationServiceProvider" not found  
                                                                           


In TelescopeServiceProvider.php line 10:
                                                                           
  Class "Laravel\Telescope\TelescopeApplicationServiceProvider" not found  
                                                                           


In TelescopeServiceProvider.php line 10:
                                                                           
  Class "Laravel\Telescope\TelescopeApplicationServiceProvider" not found  
                                                                           


In TelescopeServiceProvider.php line 10:
                                                                           
  Class "Laravel\Telescope\TelescopeApplicationServiceProvider" not found  
                                                                           


In TelescopeServiceProvider.php line 10:
                                                                           
  Class "Laravel\Telescope\TelescopeApplicationServiceProvider" not found  
                                                                           


In TelescopeServiceProvider.php line 10:
                                                                           
  Class "Laravel\Telescope\TelescopeApplicationServiceProvider" not found  
                                                                           


In TelescopeServiceProvider.php line 10:
                                                                           
  Class "Laravel\Telescope\TelescopeApplicationServiceProvider" not found  
                                                                           


In TelescopeServiceProvider.php line 10:
                                                                           
  Class "Laravel\Telescope\TelescopeApplicationServiceProvider" not found  
                                                                           


In TelescopeServiceProvider.php line 10:
                                                                           
  Class "Laravel\Telescope\TelescopeApplicationServiceProvider" not found  
                                                                           


In TelescopeServiceProvider.php line 10:
                                                                           
  Class "Laravel\Telescope\TelescopeApplicationServiceProvider" not found  
                                                                           


In TelescopeServiceProvider.php line 10:
                                                                           
  Class "Laravel\Telescope\TelescopeApplicationServiceProvider" not found  
                                                                           


In TelescopeServiceProvider.php line 10:
                                                                           
  Class "Laravel\Telescope\TelescopeApplicationServiceProvider" not found  
                                                                           


In TelescopeServiceProvider.php line 10:
                                                                           
  Class "Laravel\Telescope\TelescopeApplicationServiceProvider" not found  
                                                                           


In TelescopeServiceProvider.php line 10:
                                                                           
  Class "Laravel\Telescope\TelescopeApplicationServiceProvider" not found  
                                                                           


In TelescopeServiceProvider.php line 10:
                                                                           
  Class "Laravel\Telescope\TelescopeApplicationServiceProvider" not found  
                                                                           


In TelescopeServiceProvider.php line 10:
                                                                           
  Class "Laravel\Telescope\TelescopeApplicationServiceProvider" not found  
                                                                           


In TelescopeServiceProvider.php line 10:
                                                                           
  Class "Laravel\Telescope\TelescopeApplicationServiceProvider" not found  
                                                                           


In TelescopeServiceProvider.php line 10:
                                                                           
  Class "Laravel\Telescope\TelescopeApplicationServiceProvider" not found  
                                                                           


In TelescopeServiceProvider.php line 10:
                                                                           
  Class "Laravel\Telescope\TelescopeApplicationServiceProvider" not found  
                                                                           


In TelescopeServiceProvider.php line 10:
                                                                           
  Class "Laravel\Telescope\TelescopeApplicationServiceProvider" not found  
                                                                           


In TelescopeServiceProvider.php line 10:
                                                                           
  Class "Laravel\Telescope\TelescopeApplicationServiceProvider" not found  
                                                                           


In TelescopeServiceProvider.php line 10:
                                                                           
  Class "Laravel\Telescope\TelescopeApplicationServiceProvider" not found  
                                                                           


In TelescopeServiceProvider.php line 10:
                                                                           
  Class "Laravel\Telescope\TelescopeApplicationServiceProvider" not found  
                                                                           


In TelescopeServiceProvider.php line 10:
                                                                           
  Class "Laravel\Telescope\TelescopeApplicationServiceProvider" not found  
                                                                           


In TelescopeServiceProvider.php line 10:
                                                                           
  Class "Laravel\Telescope\TelescopeApplicationServiceProvider" not found  
                                                                           


In TelescopeServiceProvider.php line 10:
                                                                           
  Class "Laravel\Telescope\TelescopeApplicationServiceProvider" not found  
                                                                           


In TelescopeServiceProvider.php line 10:
                                                                           
  Class "Laravel\Telescope\TelescopeApplicationServiceProvider" not found  
                                                                           


In TelescopeServiceProvider.php line 10:
                                                                           
  Class "Laravel\Telescope\TelescopeApplicationServiceProvider" not found  
                                                                           


In TelescopeServiceProvider.php line 10:
                                                                           
  Class "Laravel\Telescope\TelescopeApplicationServiceProvider" not found  
                                                                           


In TelescopeServiceProvider.php line 10:
                                                                           
  Class "Laravel\Telescope\TelescopeApplicationServiceProvider" not found  
                                                                           


In TelescopeServiceProvider.php line 10:
                                                                           
  Class "Laravel\Telescope\TelescopeApplicationServiceProvider" not found  
                                                                           


In TelescopeServiceProvider.php line 10:
                                                                           
  Class "Laravel\Telescope\TelescopeApplicationServiceProvider" not found  
                                                                           


In TelescopeServiceProvider.php line 10:
                                                                           
  Class "Laravel\Telescope\TelescopeApplicationServiceProvider" not found  
                                                                           


In TelescopeServiceProvider.php line 10:
                                                                           
  Class "Laravel\Telescope\TelescopeApplicationServiceProvider" not found  
                                                                           


In TelescopeServiceProvider.php line 10:
                                                                           
  Class "Laravel\Telescope\TelescopeApplicationServiceProvider" not found  
                                                                           


In TelescopeServiceProvider.php line 10:
                                                                           
  Class "Laravel\Telescope\TelescopeApplicationServiceProvider" not found  
                                                                           


In TelescopeServiceProvider.php line 10:
                                                                           
  Class "Laravel\Telescope\TelescopeApplicationServiceProvider" not found  
                                                                           


In TelescopeServiceProvider.php line 10:
                                                                           
  Class "Laravel\Telescope\TelescopeApplicationServiceProvider" not found  
                                                                           


In TelescopeServiceProvider.php line 10:
                                                                           
  Class "Laravel\Telescope\TelescopeApplicationServiceProvider" not found  
                                                                           


In TelescopeServiceProvider.php line 10:
                                                                           
  Class "Laravel\Telescope\TelescopeApplicationServiceProvider" not found  
                                                                           


In TelescopeServiceProvider.php line 10:
                                                                           
  Class "Laravel\Telescope\TelescopeApplicationServiceProvider" not found  
                                                                           


In TelescopeServiceProvider.php line 10:
                                                                           
  Class "Laravel\Telescope\TelescopeApplicationServiceProvider" not found  
                                                                           


In TelescopeServiceProvider.php line 10:
                                                                           
  Class "Laravel\Telescope\TelescopeApplicationServiceProvider" not found  
                                                                           


In TelescopeServiceProvider.php line 10:
                                                                           
  Class "Laravel\Telescope\TelescopeApplicationServiceProvider" not found  
                                                                           


In TelescopeServiceProvider.php line 10:
                                                                           
  Class "Laravel\Telescope\TelescopeApplicationServiceProvider" not found  
                                                                           


In TelescopeServiceProvider.php line 10:
                                                                           
  Class "Laravel\Telescope\TelescopeApplicationServiceProvider" not found  
                                                                           


In TelescopeServiceProvider.php line 10:
                                                                           
  Class "Laravel\Telescope\TelescopeApplicationServiceProvider" not found  
                                                                           


In TelescopeServiceProvider.php line 10:
                                                                           
  Class "Laravel\Telescope\TelescopeApplicationServiceProvider" not found  
                                                                           


In TelescopeServiceProvider.php line 10:
                                                                           
  Class "Laravel\Telescope\TelescopeApplicationServiceProvider" not found  
                                                                           


In TelescopeServiceProvider.php line 10:
                                                                           
  Class "Laravel\Telescope\TelescopeApplicationServiceProvider" not found  
                                                                           


In TelescopeServiceProvider.php line 10:
                                                                           
  Class "Laravel\Telescope\TelescopeApplicationServiceProvider" not found  
                                                                           


In TelescopeServiceProvider.php line 10:
                                                                           
  Class "Laravel\Telescope\TelescopeApplicationServiceProvider" not found  
                                                                           


In TelescopeServiceProvider.php line 10:
                                                                           
  Class "Laravel\Telescope\TelescopeApplicationServiceProvider" not found  
                                                                           


In TelescopeServiceProvider.php line 10:
                                                                           
  Class "Laravel\Telescope\TelescopeApplicationServiceProvider" not found  
                                                                           


In TelescopeServiceProvider.php line 10:
                                                                           
  Class "Laravel\Telescope\TelescopeApplicationServiceProvider" not found  
                                                                           


In TelescopeServiceProvider.php line 10:
                                                                           
  Class "Laravel\Telescope\TelescopeApplicationServiceProvider" not found  
                                                                           


In TelescopeServiceProvider.php line 10:
                                                                           
  Class "Laravel\Telescope\TelescopeApplicationServiceProvider" not found  
                                                                           


In TelescopeServiceProvider.php line 10:
                                                                           
  Class "Laravel\Telescope\TelescopeApplicationServiceProvider" not found  
                                                                           


In TelescopeServiceProvider.php line 10:
                                                                           
  Class "Laravel\Telescope\TelescopeApplicationServiceProvider" not found  
                                                                           


In TelescopeServiceProvider.php line 10:
                                                                           
  Class "Laravel\Telescope\TelescopeApplicationServiceProvider" not found  
                                                                           


In TelescopeServiceProvider.php line 10:
                                                                           
  Class "Laravel\Telescope\TelescopeApplicationServiceProvider" not found  
                                                                           


In TelescopeServiceProvider.php line 10:
                                                                           
  Class "Laravel\Telescope\TelescopeApplicationServiceProvider" not found  
                                                                           


In TelescopeServiceProvider.php line 10:
                                                                           
  Class "Laravel\Telescope\TelescopeApplicationServiceProvider" not found  
                                                                           


In TelescopeServiceProvider.php line 10:
                                                                           
  Class "Laravel\Telescope\TelescopeApplicationServiceProvider" not found  
                                                                           


In TelescopeServiceProvider.php line 10:
                                                                           
  Class "Laravel\Telescope\TelescopeApplicationServiceProvider" not found  
                                                                           


In TelescopeServiceProvider.php line 10:
                                                                           
  Class "Laravel\Telescope\TelescopeApplicationServiceProvider" not found  
                                                                           


In TelescopeServiceProvider.php line 10:
                                                                           
  Class "Laravel\Telescope\TelescopeApplicationServiceProvider" not found  
                                                                           


In TelescopeServiceProvider.php line 10:
                                                                           
  Class "Laravel\Telescope\TelescopeApplicationServiceProvider" not found  
                                                                           


In TelescopeServiceProvider.php line 10:
                                                                           
  Class "Laravel\Telescope\TelescopeApplicationServiceProvider" not found  
                                                                           


In TelescopeServiceProvider.php line 10:
                                                                           
  Class "Laravel\Telescope\TelescopeApplicationServiceProvider" not found  
                                                                           


In TelescopeServiceProvider.php line 10:
                                                                           
  Class "Laravel\Telescope\TelescopeApplicationServiceProvider" not found  
                                                                           


In TelescopeServiceProvider.php line 10:
                                                                           
  Class "Laravel\Telescope\TelescopeApplicationServiceProvider" not found  
                                                                           


In TelescopeServiceProvider.php line 10:
                                                                           
  Class "Laravel\Telescope\TelescopeApplicationServiceProvider" not found  
                                                                           


In TelescopeServiceProvider.php line 10:
                                                                           
  Class "Laravel\Telescope\TelescopeApplicationServiceProvider" not found  
                                                                           


In TelescopeServiceProvider.php line 10:
                                                                           
  Class "Laravel\Telescope\TelescopeApplicationServiceProvider" not found  
                                                                           


In TelescopeServiceProvider.php line 10:
                                                                           
  Class "Laravel\Telescope\TelescopeApplicationServiceProvider" not found  
                                                                           


In TelescopeServiceProvider.php line 10:
                                                                           
  Class "Laravel\Telescope\TelescopeApplicationServiceProvider" not found  
                                                                           


In TelescopeServiceProvider.php line 10:
                                                                           
  Class "Laravel\Telescope\TelescopeApplicationServiceProvider" not found  
                                                                           


In TelescopeServiceProvider.php line 10:
                                                                           
  Class "Laravel\Telescope\TelescopeApplicationServiceProvider" not found  
                                                                           


In TelescopeServiceProvider.php line 10:
                                                                           
  Class "Laravel\Telescope\TelescopeApplicationServiceProvider" not found  
                                                                           


In TelescopeServiceProvider.php line 10:
                                                                           
  Class "Laravel\Telescope\TelescopeApplicationServiceProvider" not found  
                                                                           


In TelescopeServiceProvider.php line 10:
                                                                           
  Class "Laravel\Telescope\TelescopeApplicationServiceProvider" not found  
                                                                           


In TelescopeServiceProvider.php line 10:
                                                                           
  Class "Laravel\Telescope\TelescopeApplicationServiceProvider" not found  
                                                                           


In TelescopeServiceProvider.php line 10:
                                                                           
  Class "Laravel\Telescope\TelescopeApplicationServiceProvider" not found  
                                                                           


In TelescopeServiceProvider.php line 10:
                                                                           
  Class "Laravel\Telescope\TelescopeApplicationServiceProvider" not found  
                                                                           


In TelescopeServiceProvider.php line 10:
                                                                           
  Class "Laravel\Telescope\TelescopeApplicationServiceProvider" not found  
                                                                           


In TelescopeServiceProvider.php line 10:
                                                                           
  Class "Laravel\Telescope\TelescopeApplicationServiceProvider" not found  
                                                                           


In TelescopeServiceProvider.php line 10:
                                                                           
  Class "Laravel\Telescope\TelescopeApplicationServiceProvider" not found  
                                                                           


In TelescopeServiceProvider.php line 10:
                                                                           
  Class "Laravel\Telescope\TelescopeApplicationServiceProvider" not found  
                                                                           


In TelescopeServiceProvider.php line 10:
                                                                           
  Class "Laravel\Telescope\TelescopeApplicationServiceProvider" not found  
                                                                           


In TelescopeServiceProvider.php line 10:
                                                                           
  Class "Laravel\Telescope\TelescopeApplicationServiceProvider" not found  
                                                                           


In TelescopeServiceProvider.php line 10:
                                                                           
  Class "Laravel\Telescope\TelescopeApplicationServiceProvider" not found  
                                                                           


In TelescopeServiceProvider.php line 10:
                                                                           
  Class "Laravel\Telescope\TelescopeApplicationServiceProvider" not found  
                                                                           


In TelescopeServiceProvider.php line 10:
                                                                           
  Class "Laravel\Telescope\TelescopeApplicationServiceProvider" not found  
                                                                           


In TelescopeServiceProvider.php line 10:
                                                                           
  Class "Laravel\Telescope\TelescopeApplicationServiceProvider" not found  
                                                                           


In ClassLoader.php line 571:
                                                                               
  include(/var/www/school/vendor/composer/../spatie/laravel-permission/src/Pe  
  rmissionServiceProvider.php): Failed to open stream: No such file or direct  
  ory                                                                          
                                                                               

PHP Warning:  require(/var/www/school/vendor/composer/../aws/aws-sdk-php/src/functions.php): Failed to open stream: No such file or directory in /var/www/school/vendor/composer/autoload_real.php on line 55
PHP Fatal error:  Uncaught Error: Failed opening required '/var/www/school/vendor/composer/../aws/aws-sdk-php/src/functions.php' (include_path='.:/usr/share/php') in /var/www/school/vendor/composer/autoload_real.php:55
Stack trace:
#0 /var/www/school/vendor/composer/autoload_real.php(38): composerRequire52cca13d41dee7160c6847bef7afe2df()
#1 /var/www/school/vendor/autoload.php(25): ComposerAutoloaderInit52cca13d41dee7160c6847bef7afe2df::getLoader()
#2 /var/www/school/artisan(18): require('...')
#3 {main}
  thrown in /var/www/school/vendor/composer/autoload_real.php on line 55
PHP Warning:  require(/var/www/school/vendor/composer/../aws/aws-sdk-php/src/functions.php): Failed to open stream: No such file or directory in /var/www/school/vendor/composer/autoload_real.php on line 55
PHP Fatal error:  Uncaught Error: Failed opening required '/var/www/school/vendor/composer/../aws/aws-sdk-php/src/functions.php' (include_path='.:/usr/share/php') in /var/www/school/vendor/composer/autoload_real.php:55
Stack trace:
#0 /var/www/school/vendor/composer/autoload_real.php(38): composerRequire52cca13d41dee7160c6847bef7afe2df()
#1 /var/www/school/vendor/autoload.php(25): ComposerAutoloaderInit52cca13d41dee7160c6847bef7afe2df::getLoader()
#2 /var/www/school/artisan(18): require('...')
#3 {main}
  thrown in /var/www/school/vendor/composer/autoload_real.php on line 55
PHP Warning:  require(/var/www/school/vendor/composer/../aws/aws-sdk-php/src/functions.php): Failed to open stream: No such file or directory in /var/www/school/vendor/composer/autoload_real.php on line 55
PHP Fatal error:  Uncaught Error: Failed opening required '/var/www/school/vendor/composer/../aws/aws-sdk-php/src/functions.php' (include_path='.:/usr/share/php') in /var/www/school/vendor/composer/autoload_real.php:55
Stack trace:
#0 /var/www/school/vendor/composer/autoload_real.php(38): composerRequire52cca13d41dee7160c6847bef7afe2df()
#1 /var/www/school/vendor/autoload.php(25): ComposerAutoloaderInit52cca13d41dee7160c6847bef7afe2df::getLoader()
#2 /var/www/school/artisan(18): require('...')
#3 {main}
  thrown in /var/www/school/vendor/composer/autoload_real.php on line 55
PHP Warning:  require(/var/www/school/vendor/composer/../aws/aws-sdk-php/src/functions.php): Failed to open stream: No such file or directory in /var/www/school/vendor/composer/autoload_real.php on line 55
PHP Fatal error:  Uncaught Error: Failed opening required '/var/www/school/vendor/composer/../aws/aws-sdk-php/src/functions.php' (include_path='.:/usr/share/php') in /var/www/school/vendor/composer/autoload_real.php:55
Stack trace:
#0 /var/www/school/vendor/composer/autoload_real.php(38): composerRequire52cca13d41dee7160c6847bef7afe2df()
#1 /var/www/school/vendor/autoload.php(25): ComposerAutoloaderInit52cca13d41dee7160c6847bef7afe2df::getLoader()
#2 /var/www/school/artisan(18): require('...')
#3 {main}
  thrown in /var/www/school/vendor/composer/autoload_real.php on line 55
PHP Warning:  require(/var/www/school/vendor/composer/../aws/aws-sdk-php/src/functions.php): Failed to open stream: No such file or directory in /var/www/school/vendor/composer/autoload_real.php on line 55
PHP Fatal error:  Uncaught Error: Failed opening required '/var/www/school/vendor/composer/../aws/aws-sdk-php/src/functions.php' (include_path='.:/usr/share/php') in /var/www/school/vendor/composer/autoload_real.php:55
Stack trace:
#0 /var/www/school/vendor/composer/autoload_real.php(38): composerRequire52cca13d41dee7160c6847bef7afe2df()
#1 /var/www/school/vendor/autoload.php(25): ComposerAutoloaderInit52cca13d41dee7160c6847bef7afe2df::getLoader()
#2 /var/www/school/artisan(18): require('...')
#3 {main}
  thrown in /var/www/school/vendor/composer/autoload_real.php on line 55
PHP Warning:  require(/var/www/school/vendor/composer/../aws/aws-sdk-php/src/functions.php): Failed to open stream: No such file or directory in /var/www/school/vendor/composer/autoload_real.php on line 55
PHP Fatal error:  Uncaught Error: Failed opening required '/var/www/school/vendor/composer/../aws/aws-sdk-php/src/functions.php' (include_path='.:/usr/share/php') in /var/www/school/vendor/composer/autoload_real.php:55
Stack trace:
#0 /var/www/school/vendor/composer/autoload_real.php(38): composerRequire52cca13d41dee7160c6847bef7afe2df()
#1 /var/www/school/vendor/autoload.php(25): ComposerAutoloaderInit52cca13d41dee7160c6847bef7afe2df::getLoader()
#2 /var/www/school/artisan(18): require('...')
#3 {main}
  thrown in /var/www/school/vendor/composer/autoload_real.php on line 55
PHP Warning:  require(/var/www/school/vendor/composer/../aws/aws-sdk-php/src/functions.php): Failed to open stream: No such file or directory in /var/www/school/vendor/composer/autoload_real.php on line 55
PHP Fatal error:  Uncaught Error: Failed opening required '/var/www/school/vendor/composer/../aws/aws-sdk-php/src/functions.php' (include_path='.:/usr/share/php') in /var/www/school/vendor/composer/autoload_real.php:55
Stack trace:
#0 /var/www/school/vendor/composer/autoload_real.php(38): composerRequire52cca13d41dee7160c6847bef7afe2df()
#1 /var/www/school/vendor/autoload.php(25): ComposerAutoloaderInit52cca13d41dee7160c6847bef7afe2df::getLoader()
#2 /var/www/school/artisan(18): require('...')
#3 {main}
  thrown in /var/www/school/vendor/composer/autoload_real.php on line 55
PHP Warning:  require(/var/www/school/vendor/composer/../aws/aws-sdk-php/src/functions.php): Failed to open stream: No such file or directory in /var/www/school/vendor/composer/autoload_real.php on line 55
PHP Fatal error:  Uncaught Error: Failed opening required '/var/www/school/vendor/composer/../aws/aws-sdk-php/src/functions.php' (include_path='.:/usr/share/php') in /var/www/school/vendor/composer/autoload_real.php:55
Stack trace:
#0 /var/www/school/vendor/composer/autoload_real.php(38): composerRequire52cca13d41dee7160c6847bef7afe2df()
#1 /var/www/school/vendor/autoload.php(25): ComposerAutoloaderInit52cca13d41dee7160c6847bef7afe2df::getLoader()
#2 /var/www/school/artisan(18): require('...')
#3 {main}
  thrown in /var/www/school/vendor/composer/autoload_real.php on line 55
PHP Warning:  require(/var/www/school/vendor/composer/../aws/aws-sdk-php/src/functions.php): Failed to open stream: No such file or directory in /var/www/school/vendor/composer/autoload_real.php on line 55
PHP Fatal error:  Uncaught Error: Failed opening required '/var/www/school/vendor/composer/../aws/aws-sdk-php/src/functions.php' (include_path='.:/usr/share/php') in /var/www/school/vendor/composer/autoload_real.php:55
Stack trace:
#0 /var/www/school/vendor/composer/autoload_real.php(38): composerRequire52cca13d41dee7160c6847bef7afe2df()
#1 /var/www/school/vendor/autoload.php(25): ComposerAutoloaderInit52cca13d41dee7160c6847bef7afe2df::getLoader()
#2 /var/www/school/artisan(18): require('...')
#3 {main}
  thrown in /var/www/school/vendor/composer/autoload_real.php on line 55
PHP Warning:  require(/var/www/school/vendor/composer/../aws/aws-sdk-php/src/functions.php): Failed to open stream: No such file or directory in /var/www/school/vendor/composer/autoload_real.php on line 55
PHP Fatal error:  Uncaught Error: Failed opening required '/var/www/school/vendor/composer/../aws/aws-sdk-php/src/functions.php' (include_path='.:/usr/share/php') in /var/www/school/vendor/composer/autoload_real.php:55
Stack trace:
#0 /var/www/school/vendor/composer/autoload_real.php(38): composerRequire52cca13d41dee7160c6847bef7afe2df()
#1 /var/www/school/vendor/autoload.php(25): ComposerAutoloaderInit52cca13d41dee7160c6847bef7afe2df::getLoader()
#2 /var/www/school/artisan(18): require('...')
#3 {main}
  thrown in /var/www/school/vendor/composer/autoload_real.php on line 55
PHP Warning:  require(/var/www/school/vendor/composer/../aws/aws-sdk-php/src/functions.php): Failed to open stream: No such file or directory in /var/www/school/vendor/composer/autoload_real.php on line 55
PHP Fatal error:  Uncaught Error: Failed opening required '/var/www/school/vendor/composer/../aws/aws-sdk-php/src/functions.php' (include_path='.:/usr/share/php') in /var/www/school/vendor/composer/autoload_real.php:55
Stack trace:
#0 /var/www/school/vendor/composer/autoload_real.php(38): composerRequire52cca13d41dee7160c6847bef7afe2df()
#1 /var/www/school/vendor/autoload.php(25): ComposerAutoloaderInit52cca13d41dee7160c6847bef7afe2df::getLoader()
#2 /var/www/school/artisan(18): require('...')
#3 {main}
  thrown in /var/www/school/vendor/composer/autoload_real.php on line 55
PHP Warning:  require(/var/www/school/vendor/composer/../aws/aws-sdk-php/src/functions.php): Failed to open stream: No such file or directory in /var/www/school/vendor/composer/autoload_real.php on line 55
PHP Fatal error:  Uncaught Error: Failed opening required '/var/www/school/vendor/composer/../aws/aws-sdk-php/src/functions.php' (include_path='.:/usr/share/php') in /var/www/school/vendor/composer/autoload_real.php:55
Stack trace:
#0 /var/www/school/vendor/composer/autoload_real.php(38): composerRequire52cca13d41dee7160c6847bef7afe2df()
#1 /var/www/school/vendor/autoload.php(25): ComposerAutoloaderInit52cca13d41dee7160c6847bef7afe2df::getLoader()
#2 /var/www/school/artisan(18): require('...')
#3 {main}
  thrown in /var/www/school/vendor/composer/autoload_real.php on line 55
PHP Warning:  require(/var/www/school/vendor/composer/../aws/aws-sdk-php/src/functions.php): Failed to open stream: No such file or directory in /var/www/school/vendor/composer/autoload_real.php on line 55
PHP Fatal error:  Uncaught Error: Failed opening required '/var/www/school/vendor/composer/../aws/aws-sdk-php/src/functions.php' (include_path='.:/usr/share/php') in /var/www/school/vendor/composer/autoload_real.php:55
Stack trace:
#0 /var/www/school/vendor/composer/autoload_real.php(38): composerRequire52cca13d41dee7160c6847bef7afe2df()
#1 /var/www/school/vendor/autoload.php(25): ComposerAutoloaderInit52cca13d41dee7160c6847bef7afe2df::getLoader()
#2 /var/www/school/artisan(18): require('...')
#3 {main}
  thrown in /var/www/school/vendor/composer/autoload_real.php on line 55
PHP Warning:  require(/var/www/school/vendor/composer/../aws/aws-sdk-php/src/functions.php): Failed to open stream: No such file or directory in /var/www/school/vendor/composer/autoload_real.php on line 55
PHP Fatal error:  Uncaught Error: Failed opening required '/var/www/school/vendor/composer/../aws/aws-sdk-php/src/functions.php' (include_path='.:/usr/share/php') in /var/www/school/vendor/composer/autoload_real.php:55
Stack trace:
#0 /var/www/school/vendor/composer/autoload_real.php(38): composerRequire52cca13d41dee7160c6847bef7afe2df()
#1 /var/www/school/vendor/autoload.php(25): ComposerAutoloaderInit52cca13d41dee7160c6847bef7afe2df::getLoader()
#2 /var/www/school/artisan(18): require('...')
#3 {main}
  thrown in /var/www/school/vendor/composer/autoload_real.php on line 55
PHP Warning:  require(/var/www/school/vendor/composer/../aws/aws-sdk-php/src/functions.php): Failed to open stream: No such file or directory in /var/www/school/vendor/composer/autoload_real.php on line 55
PHP Fatal error:  Uncaught Error: Failed opening required '/var/www/school/vendor/composer/../aws/aws-sdk-php/src/functions.php' (include_path='.:/usr/share/php') in /var/www/school/vendor/composer/autoload_real.php:55
Stack trace:
#0 /var/www/school/vendor/composer/autoload_real.php(38): composerRequire52cca13d41dee7160c6847bef7afe2df()
#1 /var/www/school/vendor/autoload.php(25): ComposerAutoloaderInit52cca13d41dee7160c6847bef7afe2df::getLoader()
#2 /var/www/school/artisan(18): require('...')
#3 {main}
  thrown in /var/www/school/vendor/composer/autoload_real.php on line 55
PHP Warning:  require(/var/www/school/vendor/composer/../aws/aws-sdk-php/src/functions.php): Failed to open stream: No such file or directory in /var/www/school/vendor/composer/autoload_real.php on line 55
PHP Fatal error:  Uncaught Error: Failed opening required '/var/www/school/vendor/composer/../aws/aws-sdk-php/src/functions.php' (include_path='.:/usr/share/php') in /var/www/school/vendor/composer/autoload_real.php:55
Stack trace:
#0 /var/www/school/vendor/composer/autoload_real.php(38): composerRequire52cca13d41dee7160c6847bef7afe2df()
#1 /var/www/school/vendor/autoload.php(25): ComposerAutoloaderInit52cca13d41dee7160c6847bef7afe2df::getLoader()
#2 /var/www/school/artisan(18): require('...')
#3 {main}
  thrown in /var/www/school/vendor/composer/autoload_real.php on line 55

In TelescopeServiceProvider.php line 10:
                                                                           
  Class "Laravel\Telescope\TelescopeApplicationServiceProvider" not found  
                                                                           


In TelescopeServiceProvider.php line 10:
                                                                           
  Class "Laravel\Telescope\TelescopeApplicationServiceProvider" not found  
                                                                           


In TelescopeServiceProvider.php line 10:
                                                                           
  Class "Laravel\Telescope\TelescopeApplicationServiceProvider" not found  
                                                                           


In TelescopeServiceProvider.php line 10:
                                                                           
  Class "Laravel\Telescope\TelescopeApplicationServiceProvider" not found  
                                                                           


In TelescopeServiceProvider.php line 10:
                                                                           
  Class "Laravel\Telescope\TelescopeApplicationServiceProvider" not found  
                                                                           


In TelescopeServiceProvider.php line 10:
                                                                           
  Class "Laravel\Telescope\TelescopeApplicationServiceProvider" not found  
                                                                           


In TelescopeServiceProvider.php line 10:
                                                                           
  Class "Laravel\Telescope\TelescopeApplicationServiceProvider" not found  
                                                                           


In TelescopeServiceProvider.php line 10:
                                                                           
  Class "Laravel\Telescope\TelescopeApplicationServiceProvider" not found  
                                                                           


In TelescopeServiceProvider.php line 10:
                                                                           
  Class "Laravel\Telescope\TelescopeApplicationServiceProvider" not found  
                                                                           


In TelescopeServiceProvider.php line 10:
                                                                           
  Class "Laravel\Telescope\TelescopeApplicationServiceProvider" not found  
                                                                           


In TelescopeServiceProvider.php line 10:
                                                                           
  Class "Laravel\Telescope\TelescopeApplicationServiceProvider" not found  
                                                                           


In TelescopeServiceProvider.php line 10:
                                                                           
  Class "Laravel\Telescope\TelescopeApplicationServiceProvider" not found  
                                                                           


In TelescopeServiceProvider.php line 10:
                                                                           
  Class "Laravel\Telescope\TelescopeApplicationServiceProvider" not found  
                                                                           


In TelescopeServiceProvider.php line 10:
                                                                           
  Class "Laravel\Telescope\TelescopeApplicationServiceProvider" not found  
                                                                           


In TelescopeServiceProvider.php line 10:
                                                                           
  Class "Laravel\Telescope\TelescopeApplicationServiceProvider" not found  
                                                                           


In TelescopeServiceProvider.php line 10:
                                                                           
  Class "Laravel\Telescope\TelescopeApplicationServiceProvider" not found  
                                                                           


In TelescopeServiceProvider.php line 10:
                                                                           
  Class "Laravel\Telescope\TelescopeApplicationServiceProvider" not found  
                                                                           


In TelescopeServiceProvider.php line 10:
                                                                           
  Class "Laravel\Telescope\TelescopeApplicationServiceProvider" not found  
                                                                           


In TelescopeServiceProvider.php line 10:
                                                                           
  Class "Laravel\Telescope\TelescopeApplicationServiceProvider" not found  
                                                                           


In TelescopeServiceProvider.php line 10:
                                                                           
  Class "Laravel\Telescope\TelescopeApplicationServiceProvider" not found  
                                                                           


In TelescopeServiceProvider.php line 10:
                                                                           
  Class "Laravel\Telescope\TelescopeApplicationServiceProvider" not found  
                                                                           


In TelescopeServiceProvider.php line 10:
                                                                           
  Class "Laravel\Telescope\TelescopeApplicationServiceProvider" not found  
                                                                           


In TelescopeServiceProvider.php line 10:
                                                                           
  Class "Laravel\Telescope\TelescopeApplicationServiceProvider" not found  
                                                                           


In TelescopeServiceProvider.php line 10:
                                                                           
  Class "Laravel\Telescope\TelescopeApplicationServiceProvider" not found  
                                                                           


In TelescopeServiceProvider.php line 10:
                                                                           
  Class "Laravel\Telescope\TelescopeApplicationServiceProvider" not found  
                                                                           


In TelescopeServiceProvider.php line 10:
                                                                           
  Class "Laravel\Telescope\TelescopeApplicationServiceProvider" not found  
                                                                           


In TelescopeServiceProvider.php line 10:
                                                                           
  Class "Laravel\Telescope\TelescopeApplicationServiceProvider" not found  
                                                                           


In TelescopeServiceProvider.php line 10:
                                                                           
  Class "Laravel\Telescope\TelescopeApplicationServiceProvider" not found  
                                                                           


In TelescopeServiceProvider.php line 10:
                                                                           
  Class "Laravel\Telescope\TelescopeApplicationServiceProvider" not found  
                                                                           


In TelescopeServiceProvider.php line 10:
                                                                           
  Class "Laravel\Telescope\TelescopeApplicationServiceProvider" not found  
                                                                           


In TelescopeServiceProvider.php line 10:
                                                                           
  Class "Laravel\Telescope\TelescopeApplicationServiceProvider" not found  
                                                                           


In TelescopeServiceProvider.php line 10:
                                                                           
  Class "Laravel\Telescope\TelescopeApplicationServiceProvider" not found  
                                                                           


In TelescopeServiceProvider.php line 10:
                                                                           
  Class "Laravel\Telescope\TelescopeApplicationServiceProvider" not found  
                                                                           


In TelescopeServiceProvider.php line 10:
                                                                           
  Class "Laravel\Telescope\TelescopeApplicationServiceProvider" not found  
                                                                           


In TelescopeServiceProvider.php line 10:
                                                                           
  Class "Laravel\Telescope\TelescopeApplicationServiceProvider" not found  
                                                                           


In TelescopeServiceProvider.php line 10:
                                                                           
  Class "Laravel\Telescope\TelescopeApplicationServiceProvider" not found  
                                                                           


In TelescopeServiceProvider.php line 10:
                                                                           
  Class "Laravel\Telescope\TelescopeApplicationServiceProvider" not found  
                                                                           


In TelescopeServiceProvider.php line 10:
                                                                           
  Class "Laravel\Telescope\TelescopeApplicationServiceProvider" not found  
                                                                           


In TelescopeServiceProvider.php line 10:
                                                                           
  Class "Laravel\Telescope\TelescopeApplicationServiceProvider" not found  
                                                                           


In TelescopeServiceProvider.php line 10:
                                                                           
  Class "Laravel\Telescope\TelescopeApplicationServiceProvider" not found  
                                                                           


In TelescopeServiceProvider.php line 10:
                                                                           
  Class "Laravel\Telescope\TelescopeApplicationServiceProvider" not found  
                                                                           


In TelescopeServiceProvider.php line 10:
                                                                           
  Class "Laravel\Telescope\TelescopeApplicationServiceProvider" not found  
                                                                           


   Symfony\Component\Process\Exception\ProcessTimedOutException 

  The process "'/usr/bin/php8.0' 'artisan' 'queue:work' '--once' '--name=default' '--queue=default' '--backoff=0' '--memory=128' '--sleep=3' '--tries=1'" exceeded the timeout of 60 seconds.

  at /var/www/school/vendor/symfony/process/Process.php:1152
    1148▕ 
    1149▕         if (null !== $this->timeout && $this->timeout < microtime(true) - $this->starttime) {
    1150▕             $this->stop(0);
    1151▕ 
  ➜ 1152▕             throw new ProcessTimedOutException($this, ProcessTimedOutException::TYPE_GENERAL);
    1153▕         }
    1154▕ 
    1155▕         if (null !== $this->idleTimeout && $this->idleTimeout < microtime(true) - $this->lastOutputTime) {
    1156▕             $this->stop(0);

      [2m+18 vendor frames [22m
  19  /var/www/school/artisan:37
      Illuminate\Foundation\Console\Kernel::handle()

   INFO  Processing jobs from the [default] queue.  

